============================================================
  Generated by:           Genus(TM) Synthesis Solution 20.11-s111_1
  Generated on:           Sep 09 2026  02:54:22 pm
  Module:                 register_read
  Operating conditions:   slow (balanced_tree)
  Wireload mode:          enclosed
  Area mode:              timing library
============================================================

Timing
--------

Clock Period 
-------------
clk   3333.0 


  Cost    Critical         Violating 
 Group   Path Slack  TNS     Paths   
-------------------------------------
clk          1552.0   0.0          0 
default    No paths   0.0            
-------------------------------------
Total                 0.0          0 

Instance Count
--------------
Leaf Instance Count             14733 
Physical Instance count             0 
Sequential Instance Count        2223 
Combinational Instance Count    12510 
Hierarchical Instance Count         0 

Area
----
Cell Area                          28595.798
Physical Cell Area                 0.000
Total Cell Area (Cell+Physical)    28595.798
Net Area                           0.000
Total Area (Cell+Physical+Net)     28595.798

Max Fanout                         2223 (clk)
Min Fanout                         0 (rst_n)
Average Fanout                     3.0
Terms to net ratio                 4.1765
Terms to instance ratio            4.6187
Runtime                            587.6591350000034 seconds
Elapsed Runtime                    586 seconds
Genus peak memory usage            1142.97 
Innovus peak memory usage          no_value 
Hostname                           localhost
