============================================================
  Generated by:           Genus(TM) Synthesis Solution 20.11-s111_1
  Generated on:           Sep 09 2026  02:54:17 pm
  Module:                 register_read
  Operating conditions:   slow (balanced_tree)
  Wireload mode:          enclosed
  Area mode:              timing library
============================================================


Path 1: MET (1552 ps) Setup Check with Pin execute_out_reg[src1_data][7]/CK->D
          Group: clk
     Startpoint: (R) prf_reg[2][7]/CK
          Clock: (R) clk
       Endpoint: (F) execute_out_reg[src1_data][7]/D
          Clock: (R) clk

                     Capture       Launch     
        Clock Edge:+    3333            0     
       Src Latency:+       0            0     
       Net Latency:+       0 (I)        0 (I) 
           Arrival:=    3333            0     
                                              
             Setup:-     116                  
       Uncertainty:-     100                  
     Required Time:=    3118                  
      Launch Clock:-       0                  
         Data Path:-    1566                  
             Slack:=    1552                  

#---------------------------------------------------------------------------------------------------------
#          Timing Point           Flags    Arc   Edge   Cell     Fanout Load Trans Delay Arrival Instance 
#                                                                       (fF)  (ps)  (ps)   (ps)  Location 
#---------------------------------------------------------------------------------------------------------
  prf_reg[2][7]/CK                -       -      R     (arrival)   2223    -   100     0       0    (-,-) 
  prf_reg[2][7]/Q                 -       CK->Q  F     DFFR_X1        2  3.5    24   317     317    (-,-) 
  g260757__9315/ZN                -       C2->ZN R     AOI222_X1      1  1.9   188   379     696    (-,-) 
  g260407__7410/ZN                -       A1->ZN F     NAND3_X1       1  1.2    55    94     790    (-,-) 
  g260288__4733/ZN                -       A4->ZN F     OR4_X1         1  1.6    64   492    1282    (-,-) 
  g260238__7482/ZN                -       A1->ZN R     NOR4_X1        1  1.9   175   222    1504    (-,-) 
  g260171__1705/ZN                -       A1->ZN F     NOR2_X1        1  1.3    37    53    1557    (-,-) 
  execute_out_reg[src1_data][7]/D <<<     -      F     DFFR_X1        1    -     -     9    1566    (-,-) 
#---------------------------------------------------------------------------------------------------------

