============================================================
  Generated by:           Genus(TM) Synthesis Solution 20.11-s111_1
  Generated on:           Sep 29 2026  10:50:27 am
  Module:                 orion_core
  Operating conditions:   slow (balanced_tree)
  Wireload mode:          enclosed
  Area mode:              timing library
============================================================

     Instance               Module            Cell Count  Cell Area  Net Area   Total Area       Wireload      
---------------------------------------------------------------------------------------------------------------
orion_core                                         52448 110460.224     0.000   110460.224 5K_hvratio_1_1 (D)  
  u_alu           alu                               1779   2810.290     0.000     2810.290 5K_hvratio_1_1 (D)  
  u_branch        branch                            1376   2787.414     0.000     2787.414 5K_hvratio_1_1 (D)  
  u_decode        decode_unit                        528   1050.168     0.000     1050.168 5K_hvratio_1_1 (D)  
  u_div           div                               1341   2203.012     0.000     2203.012 5K_hvratio_1_1 (D)  
  u_fetch         fetch_unit_IMEM_DEPTH256          3278  10026.072     0.000    10026.072 5K_hvratio_1_1 (D)  
  u_issue         issue_queue                       7622  21295.428     0.000    21295.428 5K_hvratio_1_1 (D)  
  u_lsu           lsu                               1193   1988.616     0.000     1988.616 5K_hvratio_1_1 (D)  
  u_mul           mul                               5568   7675.164     0.000     7675.164 5K_hvratio_1_1 (D)  
  u_regread       register_read                    13871  26978.784     0.000    26978.784 5K_hvratio_1_1 (D)  
  u_regread_demux regread_demux                       12     10.640     0.000       10.640 5K_hvratio_1_1 (D)  
  u_rename        rename_unit                       6485  12042.086     0.000    12042.086 5K_hvratio_1_1 (D)  
  u_rob           reorder_buffer                    6503  15493.170     0.000    15493.170 5K_hvratio_1_1 (D)  
  u_sb            store_buffer_DEPTH8_SLACK2        2664   5886.846     0.000     5886.846 5K_hvratio_1_1 (D)  
  (D) = wireload is default in technology library
