============================================================
  Generated by:           Genus(TM) Synthesis Solution 20.11-s111_1
  Generated on:           Sep 29 2026  10:50:59 am
  Module:                 orion_core
  Operating conditions:   slow (balanced_tree)
  Wireload mode:          enclosed
  Area mode:              timing library
============================================================

 
  Hierarchy Report Format : 
 
    level instance ( module ) <status>
 
    status :    preserve_<value> -- indicating preserve hierachy or inherited_preserve value
           :    blackbox --  indicating  unresolved instance
 
==================================================================

 0 orion_core
  1 u_alu ( alu ) 
  1 u_branch ( branch ) 
  1 u_decode ( decode_unit ) 
  1 u_div ( div ) 
  1 u_fetch ( fetch_unit_IMEM_DEPTH256 ) 
  1 u_issue ( issue_queue ) 
  1 u_lsu ( lsu ) 
  1 u_mul ( mul ) 
  1 u_regread ( register_read ) 
  1 u_regread_demux ( regread_demux ) 
  1 u_rename ( rename_unit ) 
  1 u_rob ( reorder_buffer ) 
  1 u_sb ( store_buffer_DEPTH8_SLACK2 ) 
