============================================================
  Generated by:           Genus(TM) Synthesis Solution 20.11-s111_1
  Generated on:           Sep 29 2026  10:54:28 am
  Module:                 orion_core
  Operating conditions:   slow (balanced_tree)
  Wireload mode:          enclosed
  Area mode:              timing library
============================================================

Max_transition design rule: no violations.


Max_capacitance design rule: no violations.


Max_fanout design rule (violation total = 60.000)
Pin                      Fanout           Max     Violation
-------------------------------------------------------------
u_sb/g63907/ZN           32.000        16.000        16.000
u_sb/g63907/ZN           32.000        16.000        16.000
u_sb/g63907/ZN           32.000        16.000        16.000
u_sb/g63907/ZN           32.000        16.000        16.000
u_sb/g63907/ZN           32.000        16.000        16.000
u_sb/g63907/ZN           32.000        16.000        16.000
u_sb/g63907/ZN           32.000        16.000        16.000
u_sb/g63907/ZN           32.000        16.000        16.000
u_sb/g63907/ZN           32.000        16.000        16.000
u_sb/g63907/ZN           32.000        16.000        16.000
u_sb/g63907/ZN           32.000        16.000        16.000
u_sb/g63907/ZN           32.000        16.000        16.000
u_sb/g63907/ZN           32.000        16.000        16.000
u_sb/g63907/ZN           32.000        16.000        16.000
u_sb/g63907/ZN           32.000        16.000        16.000
u_sb/g63907/ZN           32.000        16.000        16.000
u_sb/g63907/ZN           32.000        16.000        16.000
u_sb/g63907/ZN           32.000        16.000        16.000
u_sb/g63907/ZN           32.000        16.000        16.000
u_sb/g63907/ZN           32.000        16.000        16.000
u_sb/g63907/ZN           32.000        16.000        16.000
u_sb/g63907/ZN           32.000        16.000        16.000
u_sb/g63907/ZN           32.000        16.000        16.000
u_sb/g63907/ZN           32.000        16.000        16.000
u_sb/g63907/ZN           32.000        16.000        16.000
u_sb/g63907/ZN           32.000        16.000        16.000
u_sb/g63907/ZN           32.000        16.000        16.000
u_sb/g63907/ZN           32.000        16.000        16.000
u_sb/g63907/ZN           32.000        16.000        16.000
u_sb/g63907/ZN           32.000        16.000        16.000
u_sb/g63907/ZN           32.000        16.000        16.000
u_sb/g63907/ZN           32.000        16.000        16.000
u_sb/g63907/ZN           32.000        16.000        16.000
u_sb/g63886/ZN           32.000        16.000        16.000
u_sb/g63886/ZN           32.000        16.000        16.000
u_sb/g63886/ZN           32.000        16.000        16.000
u_sb/g63886/ZN           32.000        16.000        16.000
u_sb/g63886/ZN           32.000        16.000        16.000
u_sb/g63886/ZN           32.000        16.000        16.000
u_sb/g63886/ZN           32.000        16.000        16.000
u_sb/g63886/ZN           32.000        16.000        16.000
u_sb/g63886/ZN           32.000        16.000        16.000
u_sb/g63886/ZN           32.000        16.000        16.000
u_sb/g63886/ZN           32.000        16.000        16.000
u_sb/g63886/ZN           32.000        16.000        16.000
u_sb/g63886/ZN           32.000        16.000        16.000
u_sb/g63886/ZN           32.000        16.000        16.000
u_sb/g63886/ZN           32.000        16.000        16.000
u_sb/g63886/ZN           32.000        16.000        16.000
u_sb/g63886/ZN           32.000        16.000        16.000
u_sb/g63886/ZN           32.000        16.000        16.000
u_sb/g63886/ZN           32.000        16.000        16.000
u_sb/g63886/ZN           32.000        16.000        16.000
u_sb/g63886/ZN           32.000        16.000        16.000
u_sb/g63886/ZN           32.000        16.000        16.000
u_sb/g63886/ZN           32.000        16.000        16.000
u_sb/g63886/ZN           32.000        16.000        16.000
u_sb/g63886/ZN           32.000        16.000        16.000
u_sb/g63886/ZN           32.000        16.000        16.000
u_sb/g63886/ZN           32.000        16.000        16.000
u_sb/g63886/ZN           32.000        16.000        16.000
u_sb/g63886/ZN           32.000        16.000        16.000
u_sb/g63886/ZN           32.000        16.000        16.000
u_sb/g63886/ZN           32.000        16.000        16.000
u_sb/g63886/ZN           32.000        16.000        16.000
u_sb/g63886/ZN           32.000        16.000        16.000
u_sb/g63887/ZN           32.000        16.000        16.000
u_sb/g63887/ZN           32.000        16.000        16.000
u_sb/g63887/ZN           32.000        16.000        16.000
u_sb/g63887/ZN           32.000        16.000        16.000
u_sb/g63887/ZN           32.000        16.000        16.000
u_sb/g63887/ZN           32.000        16.000        16.000
u_sb/g63887/ZN           32.000        16.000        16.000
u_sb/g63887/ZN           32.000        16.000        16.000
u_sb/g63887/ZN           32.000        16.000        16.000
u_sb/g63887/ZN           32.000        16.000        16.000
u_sb/g63887/ZN           32.000        16.000        16.000
u_sb/g63887/ZN           32.000        16.000        16.000
u_sb/g63887/ZN           32.000        16.000        16.000
u_sb/g63887/ZN           32.000        16.000        16.000
u_sb/g63887/ZN           32.000        16.000        16.000
u_sb/g63887/ZN           32.000        16.000        16.000
u_sb/g63887/ZN           32.000        16.000        16.000
u_sb/g63887/ZN           32.000        16.000        16.000
u_sb/g63887/ZN           32.000        16.000        16.000
u_sb/g63887/ZN           32.000        16.000        16.000
u_sb/g63887/ZN           32.000        16.000        16.000
u_sb/g63887/ZN           32.000        16.000        16.000
u_sb/g63887/ZN           32.000        16.000        16.000
u_sb/g63887/ZN           32.000        16.000        16.000
u_sb/g63887/ZN           32.000        16.000        16.000
u_sb/g63887/ZN           32.000        16.000        16.000
u_sb/g63887/ZN           32.000        16.000        16.000
u_sb/g63887/ZN           32.000        16.000        16.000
u_sb/g63887/ZN           32.000        16.000        16.000
u_sb/g63887/ZN           32.000        16.000        16.000
u_sb/g63887/ZN           32.000        16.000        16.000
u_sb/g63887/ZN           32.000        16.000        16.000
u_sb/g63887/ZN           32.000        16.000        16.000
u_sb/g63906/ZN           26.000        16.000        10.000
u_sb/g63906/ZN           26.000        16.000        10.000
u_sb/g63906/ZN           26.000        16.000        10.000
u_sb/g63906/ZN           26.000        16.000        10.000
u_sb/g63906/ZN           26.000        16.000        10.000
u_sb/g63906/ZN           26.000        16.000        10.000
u_sb/g63906/ZN           26.000        16.000        10.000
u_sb/g63906/ZN           26.000        16.000        10.000
u_sb/g63906/ZN           26.000        16.000        10.000
u_sb/g63906/ZN           26.000        16.000        10.000
u_sb/g63906/ZN           26.000        16.000        10.000
u_sb/g63906/ZN           26.000        16.000        10.000
u_sb/g63906/ZN           26.000        16.000        10.000
u_sb/g63906/ZN           26.000        16.000        10.000
u_sb/g63906/ZN           26.000        16.000        10.000
u_sb/g63906/ZN           26.000        16.000        10.000
u_sb/g63906/ZN           26.000        16.000        10.000
u_sb/g63906/ZN           26.000        16.000        10.000
u_sb/g63906/ZN           26.000        16.000        10.000
u_sb/g63906/ZN           26.000        16.000        10.000
u_sb/g63906/ZN           26.000        16.000        10.000
u_sb/g63906/ZN           26.000        16.000        10.000
u_sb/g63906/ZN           26.000        16.000        10.000
u_sb/g63906/ZN           26.000        16.000        10.000
u_sb/g63906/ZN           26.000        16.000        10.000
u_sb/g63906/ZN           26.000        16.000        10.000
u_sb/g63906/ZN           26.000        16.000        10.000
u_sb/g63909/ZN           18.000        16.000         2.000
u_sb/g63909/ZN           18.000        16.000         2.000
u_sb/g63909/ZN           18.000        16.000         2.000
u_sb/g63909/ZN           18.000        16.000         2.000
u_sb/g63909/ZN           18.000        16.000         2.000
u_sb/g63909/ZN           18.000        16.000         2.000
u_sb/g63909/ZN           18.000        16.000         2.000
u_sb/g63909/ZN           18.000        16.000         2.000
u_sb/g63909/ZN           18.000        16.000         2.000
u_sb/g63909/ZN           18.000        16.000         2.000
u_sb/g63909/ZN           18.000        16.000         2.000
u_sb/g63909/ZN           18.000        16.000         2.000
u_sb/g63909/ZN           18.000        16.000         2.000
u_sb/g63909/ZN           18.000        16.000         2.000
u_sb/g63909/ZN           18.000        16.000         2.000
u_sb/g63909/ZN           18.000        16.000         2.000
u_sb/g63909/ZN           18.000        16.000         2.000
u_sb/g63909/ZN           18.000        16.000         2.000
u_sb/g63909/ZN           18.000        16.000         2.000



