============================================================
  Generated by:           Genus(TM) Synthesis Solution 20.11-s111_1
  Generated on:           Sep 29 2026  10:50:44 am
  Module:                 orion_core
  Operating conditions:   slow (balanced_tree)
  Wireload mode:          enclosed
  Area mode:              timing library
============================================================

                                 
   Gate    Instances     Area             Library          
-----------------------------------------------------------
AND2_X1          567     603.288    NangateOpenCellLibrary 
AND2_X2           34      45.220    NangateOpenCellLibrary 
AND2_X4            7      16.758    NangateOpenCellLibrary 
AND3_X1          109     144.970    NangateOpenCellLibrary 
AND3_X2            3       4.788    NangateOpenCellLibrary 
AND4_X1          264     421.344    NangateOpenCellLibrary 
AND4_X2            4       7.448    NangateOpenCellLibrary 
AOI211_X1        146     194.180    NangateOpenCellLibrary 
AOI21_X1         456     485.184    NangateOpenCellLibrary 
AOI21_X2           4       7.448    NangateOpenCellLibrary 
AOI221_X1        791    1262.436    NangateOpenCellLibrary 
AOI221_X2          1       2.926    NangateOpenCellLibrary 
AOI222_X1       2341    4981.648    NangateOpenCellLibrary 
AOI22_X1        7920   10533.600    NangateOpenCellLibrary 
AOI22_X2           5      11.970    NangateOpenCellLibrary 
BUF_X1           305     243.390    NangateOpenCellLibrary 
BUF_X2            56      59.584    NangateOpenCellLibrary 
BUF_X4           129     240.198    NangateOpenCellLibrary 
BUF_X8             6      20.748    NangateOpenCellLibrary 
CLKBUF_X1          6       4.788    NangateOpenCellLibrary 
CLKBUF_X3          2       2.660    NangateOpenCellLibrary 
DFFR_X1         5195   27637.400    NangateOpenCellLibrary 
DFFR_X2            7      40.964    NangateOpenCellLibrary 
DFFS_X1          235    1250.200    NangateOpenCellLibrary 
DFF_X1            32     144.704    NangateOpenCellLibrary 
FA_X1            419    1783.264    NangateOpenCellLibrary 
HA_X1             96     255.360    NangateOpenCellLibrary 
INV_X1          8276    4402.832    NangateOpenCellLibrary 
INV_X2           306     244.188    NangateOpenCellLibrary 
INV_X4            36      47.880    NangateOpenCellLibrary 
MUX2_X1          131     243.922    NangateOpenCellLibrary 
MUX2_X2           17      40.698    NangateOpenCellLibrary 
NAND2_X1        3868    3086.664    NangateOpenCellLibrary 
NAND2_X2          34      45.220    NangateOpenCellLibrary 
NAND2_X4           4       9.576    NangateOpenCellLibrary 
NAND3_X1         325     345.800    NangateOpenCellLibrary 
NAND3_X2           7      13.034    NangateOpenCellLibrary 
NAND4_X1         983    1307.390    NangateOpenCellLibrary 
NAND4_X2           2       4.788    NangateOpenCellLibrary 
NAND4_X4           1       4.788    NangateOpenCellLibrary 
NOR2_X1         2130    1699.740    NangateOpenCellLibrary 
NOR2_X2           48      63.840    NangateOpenCellLibrary 
NOR3_X1          184     195.776    NangateOpenCellLibrary 
NOR3_X2            8      14.896    NangateOpenCellLibrary 
NOR3_X4            1       3.724    NangateOpenCellLibrary 
NOR4_X1          481     639.730    NangateOpenCellLibrary 
NOR4_X2            1       2.394    NangateOpenCellLibrary 
OAI211_X1       2200    2926.000    NangateOpenCellLibrary 
OAI211_X2          1       2.394    NangateOpenCellLibrary 
OAI21_X1        1428    1519.392    NangateOpenCellLibrary 
OAI21_X2           3       5.586    NangateOpenCellLibrary 
OAI221_X1        690    1101.240    NangateOpenCellLibrary 
OAI221_X4          7      24.206    NangateOpenCellLibrary 
OAI222_X1        298     634.144    NangateOpenCellLibrary 
OAI22_X1        4634    6163.220    NangateOpenCellLibrary 
OAI22_X2           1       2.394    NangateOpenCellLibrary 
OAI33_X1          21      39.102    NangateOpenCellLibrary 
OR2_X1           367     390.488    NangateOpenCellLibrary 
OR2_X2            15      19.950    NangateOpenCellLibrary 
OR3_X1           108     143.640    NangateOpenCellLibrary 
OR4_X1           542     865.032    NangateOpenCellLibrary 
SDFFR_X1        2198   14616.700    NangateOpenCellLibrary 
SDFFS_X1         139     924.350    NangateOpenCellLibrary 
SDFF_X1         2690   16457.420    NangateOpenCellLibrary 
XNOR2_X1         828    1321.488    NangateOpenCellLibrary 
XNOR2_X2           8      21.280    NangateOpenCellLibrary 
XOR2_X1          286     456.456    NangateOpenCellLibrary 
XOR2_X2            1       2.394    NangateOpenCellLibrary 
-----------------------------------------------------------
total          52448  110460.224                           


                                           
     Type      Instances    Area    Area % 
-------------------------------------------
sequential         10496  61071.738   55.3 
inverter            8618   4694.900    4.3 
buffer               504    571.368    0.5 
logic              32830  44122.218   39.9 
physical_cells         0      0.000    0.0 
-------------------------------------------
total              52448 110460.224  100.0 

