============================================================
  Generated by:           Genus(TM) Synthesis Solution 20.11-s111_1
  Generated on:           Sep 29 2026  10:29:19 am
  Module:                 orion_core
  Operating conditions:   slow (balanced_tree)
  Wireload mode:          enclosed
  Area mode:              timing library
============================================================


Path 1: VIOLATED (-2872 ps) Setup Check with Pin u_lsu/l_rdata_reg[29]/clk->d
          Group: core_clk
     Startpoint: (R) u_regread/execute_out_reg[src1_data][0]/clk
          Clock: (R) core_clk
       Endpoint: (R) u_lsu/l_rdata_reg[29]/d
          Clock: (R) core_clk

                     Capture       Launch     
        Clock Edge:+    4250            0     
       Src Latency:+       0            0     
       Net Latency:+       0 (I)        0 (I) 
           Arrival:=    4250            0     
                                              
             Setup:-     152                  
       Uncertainty:-     150                  
     Required Time:=    3948                  
      Launch Clock:-       0                  
         Data Path:-    6820                  
             Slack:=   -2872                  

#-------------------------------------------------------------------------------------------------------------------------------
#                Timing Point                 Flags    Arc    Edge       Cell         Fanout  Load Trans Delay Arrival Instance 
#                                                                                             (fF)  (ps)  (ps)   (ps)  Location 
#-------------------------------------------------------------------------------------------------------------------------------
  u_regread/execute_out_reg[src1_data][0]/clk -       -       R     (arrival)          10496     -   100     0       0    (-,-) 
  u_regread/execute_out_reg[src1_data][0]/q   (u)     clk->q  F     unmapped_d_flop       90 333.0     0   722     722    (-,-) 
  u_lsu/add_60_49/g2/z                        (u)     in_0->z R     unmapped_nand2         3  12.3     0   168     889    (-,-) 
  u_lsu/add_60_49/g1160/z                     (u)     in_0->z R     unmapped_complex2      1   4.1     0   120    1010    (-,-) 
  u_lsu/add_60_49/g70/z                       (u)     in_1->z F     unmapped_nand2         4  14.8     0   184    1194    (-,-) 
  u_lsu/add_60_49/g1074/z                     (u)     in_0->z R     unmapped_complex2      1   4.1     0   120    1314    (-,-) 
  u_lsu/add_60_49/g1061/z                     (u)     in_0->z F     unmapped_complex2      6  22.2     0   212    1526    (-,-) 
  u_lsu/add_60_49/g537/z                      (u)     in_0->z R     unmapped_complex2      1   4.1     0   120    1647    (-,-) 
  u_lsu/add_60_49/g1029/z                     (u)     in_0->z F     unmapped_complex2     10  37.0     0   254    1901    (-,-) 
  u_lsu/add_60_49/g1011/z                     (u)     in_0->z R     unmapped_complex2      1   4.1     0   120    2021    (-,-) 
  u_lsu/add_60_49/g987/z                      (u)     in_0->z F     unmapped_complex2     17  62.9     0   294    2316    (-,-) 
  u_lsu/add_60_49/g569/z                      (u)     in_0->z R     unmapped_complex2      1   4.1     0   120    2436    (-,-) 
  u_lsu/add_60_49/g947/z                      (u)     in_0->z F     unmapped_complex2      2   7.4     0   147    2583    (-,-) 
  u_lsu/add_60_49/g928/z                      (u)     in_0->z F     unmapped_or2           1   3.7     0   120    2703    (-,-) 
  u_lsu/add_60_49/g929/z                      (u)     in_1->z R     unmapped_nand2        11  45.1     0   260    2964    (-,-) 
  u_lsu/g5618/z                               (u)     in_0->z F     unmapped_complex2      1   3.7     0   120    3084    (-,-) 
  u_lsu/g5547/z                               (u)     in_1->z R     unmapped_nand2        16  65.6     0   292    3376    (-,-) 
  u_sb/g29817/z                               (u)     in_1->z F     unmapped_complex2      1   3.7     0   120    3496    (-,-) 
  u_sb/g29818/z                               (u)     in_1->z R     unmapped_nand2         2   8.2     0   147    3643    (-,-) 
  u_sb/g29204/z                               (u)     in_0->z F     unmapped_complex2      1   3.7     0   120    3764    (-,-) 
  u_sb/g28232/z                               (u)     in_1->z R     unmapped_complex2      1   4.1     0   120    3884    (-,-) 
  u_sb/g28096/z                               (u)     in_1->z R     unmapped_or2           1   4.1     0   120    4004    (-,-) 
  u_sb/g28089/z                               (u)     in_0->z R     unmapped_or2           1   4.1     0   120    4125    (-,-) 
  u_sb/g28085/z                               (u)     in_0->z R     unmapped_or2           1   4.1     0   120    4245    (-,-) 
  u_sb/g28074/z                               (u)     in_0->z R     unmapped_complex2     11  45.1     0   260    4506    (-,-) 
  u_sb/g28067/z                               (u)     in_1->z F     unmapped_nand2         3  11.1     0   168    4673    (-,-) 
  u_sb/g28044/z                               (u)     in_0->z F     unmapped_or2           9  33.3     0   247    4920    (-,-) 
  u_sb/g28013/z                               (u)     in_1->z F     unmapped_or2           1   3.7     0   120    5041    (-,-) 
  u_sb/g28005/z                               (u)     in_0->z R     unmapped_complex2      1   4.1     0   120    5161    (-,-) 
  u_sb/g27929/z                               (u)     in_0->z R     unmapped_complex2      1   4.1     0   120    5282    (-,-) 
  u_sb/g27922/z                               (u)     in_0->z R     unmapped_complex2      1   4.1     0   120    5402    (-,-) 
  u_sb/g27907/z                               (u)     in_0->z R     unmapped_or2          32 131.2     0   335    5737    (-,-) 
  u_sb/g27692/z                               (u)     in_0->z F     unmapped_nand2         1   3.7     0   120    5857    (-,-) 
  u_sb/g27550/z                               (u)     in_1->z R     unmapped_nand2         1   4.1     0   120    5978    (-,-) 
  u_sb/g27514/z                               (u)     in_0->z R     unmapped_complex2      1   4.1     0   120    6098    (-,-) 
  u_sb/g27424/z                               (u)     in_1->z R     unmapped_or2           1   4.1     0   120    6218    (-,-) 
  u_sb/g27392/z                               (u)     in_1->z R     unmapped_or2           1   4.1     0   120    6339    (-,-) 
  u_lsu/g9119/z                               (u)     in_1->z F     unmapped_nand2         1   3.7     0   120    6459    (-,-) 
  u_lsu/g9102/z                               (u)     in_1->z R     unmapped_nand2         1   4.1     0   120    6580    (-,-) 
  u_lsu/g8712/z                               (u)     in_0->z F     unmapped_nand2         1   3.7     0   120    6700    (-,-) 
  u_lsu/g8699/z                               (u)     in_1->z R     unmapped_nand2         1   4.1     0   120    6820    (-,-) 
  u_lsu/l_rdata_reg[29]/d                     <<<     -       R     unmapped_d_flop        1     -     -     0    6820    (-,-) 
#-------------------------------------------------------------------------------------------------------------------------------

(u) : Net has unmapped pin(s).

