============================================================
  Generated by:           Genus(TM) Synthesis Solution 20.11-s111_1
  Generated on:           Sep 29 2026  10:29:20 am
  Module:                 orion_core
  Operating conditions:   slow (balanced_tree)
  Wireload mode:          enclosed
  Area mode:              timing library
============================================================

                        Instance                                        Module                 Cell Count  Cell Area  Net Area   Total Area       Wireload      
----------------------------------------------------------------------------------------------------------------------------------------------------------------
orion_core                                                                                         106792 211995.374     0.000   211995.374 5K_hvratio_1_1 (D)  
  u_alu                                                 alu                                          3485   6323.795     0.000     6323.795 5K_hvratio_1_1 (D)  
    add_71_43_Y_add_70_42                               add_unsigned_7381_4                           385    613.729     0.000      613.729 5K_hvratio_1_1 (D)  
    lt_74_61                                            lt_signed_1_rtlopto_model_3681                151    240.709     0.000      240.709 5K_hvratio_1_1 (D)  
    lt_75_52                                            lt_unsigned_7548_1_rtlopto_model_3682         151    240.709     0.000      240.709 5K_hvratio_1_1 (D)  
    sll_73_43                                           shift_left_vlog_unsigned_1                    393    626.481     0.000      626.481 5K_hvratio_1_1 (D)  
    sra_78_52                                           arith_shift_right_vlog_signed                 417    664.740     0.000      664.740 5K_hvratio_1_1 (D)  
    srl_77_43                                           shift_right_vlog_unsigned                     393    626.481     0.000      626.481 5K_hvratio_1_1 (D)  
    sub_72_43                                           sub_unsigned_7385                             383    610.540     0.000      610.540 5K_hvratio_1_1 (D)  
  u_branch                                              branch                                       2530   5187.201     0.000     5187.201 5K_hvratio_1_1 (D)  
    add_84_42                                           add_unsigned_7381_4_6948                      382    608.946     0.000      608.946 5K_hvratio_1_1 (D)  
    csa_tree_neq_95_73_groupi                           csa_tree_neq_95_73_group_2                    436    695.028     0.000      695.028 5K_hvratio_1_1 (D)  
    final_adder_F_mux_resolved_target_comb_87_13_spec0  add_unsigned_2991                             159    253.462     0.000      253.462 5K_hvratio_1_1 (D)  
    final_adder_F_mux_resolved_target_comb_87_13_spec1  add_unsigned_7381_4_6947                      384    612.134     0.000      612.134 5K_hvratio_1_1 (D)  
    final_adder_add_82_40                               add_unsigned_carry_1743                       159    253.462     0.000      253.462 5K_hvratio_1_1 (D)  
    lt_68_52_Y_gte_69_52                                gt_leq_signed_2800_3011                       151    240.709     0.000      240.709 5K_hvratio_1_1 (D)  
    lt_70_43_Y_gte_71_43                                gt_leq_unsigned_3012                          151    240.709     0.000      240.709 5K_hvratio_1_1 (D)  
  u_decode                                              decode_unit                                   729   1663.443     0.000     1663.443 5K_hvratio_1_1 (D)  
  u_div                                                 div                                          2561   4730.492     0.000     4730.492 5K_hvratio_1_1 (D)  
    ADD_TC_OP_1_Y_ADD_TC_OP30                           add_signed_3777                               168    267.809     0.000      267.809 5K_hvratio_1_1 (D)  
    SUB_TC_OP                                           sub_signed_334                                401    639.234     0.000      639.234 5K_hvratio_1_1 (D)  
    SUB_UNS_OP                                          sub_unsigned_3757                             168    267.809     0.000      267.809 5K_hvratio_1_1 (D)  
    csa_tree_SUB_TC_OP_3_pad_groupi                     csa_tree_SUB_TC_OP_3_pad_group_2              156    248.680     0.000      248.680 5K_hvratio_1_1 (D)  
    final_adder_mux_96_64_spec1                         add_unsigned_7960                             168    267.809     0.000      267.809 5K_hvratio_1_1 (D)  
  u_fetch                                               fetch_unit_IMEM_DEPTH256                     5645  13783.386     0.000    13783.386 5K_hvratio_1_1 (D)  
    add_62_66                                           add_unsigned_rtlopto_model_31                 159    253.462     0.000      253.462 5K_hvratio_1_1 (D)  
  u_issue                                               issue_queue                                 16588  36679.444     0.000    36679.444 5K_hvratio_1_1 (D)  
  u_lsu                                                 lsu                                          1475   3005.676     0.000     3005.676 5K_hvratio_1_1 (D)  
    add_60_49                                           add_unsigned_7381_4_6946                      385    613.729     0.000      613.729 5K_hvratio_1_1 (D)  
  u_mul                                                 mul                                         11843  19636.124     0.000    19636.124 5K_hvratio_1_1 (D)  
    DPOPT_INTERNAL_INSTi                                DPOPT_INTERNAL_INST_9557                      192    306.067     0.000      306.067 5K_hvratio_1_1 (D)  
    DPOPT_INTERNAL_INSTi109                             DPOPT_INTERNAL_INST_9558                      192    306.067     0.000      306.067 5K_hvratio_1_1 (D)  
    DPOPT_INTERNAL_INSTi110                             DPOPT_INTERNAL_INST_9559                        3      4.782     0.000        4.782 5K_hvratio_1_1 (D)  
    add_34_46                                           add_unsigned_4044                             384    612.134     0.000      612.134 5K_hvratio_1_1 (D)  
    csa_tree_SUB_TC_OP_pad                              csa_tree_4341                                 222    353.890     0.000      353.890 5K_hvratio_1_1 (D)  
    csa_tree_add_31_32_groupi                           csa_tree_add_31_32_group_2                   4910   7827.031     0.000     7827.031 5K_hvratio_1_1 (D)  
    final_adder_SUB_TC_OP_pad_Y_final_adder_ADD_TC_OP_3 add_signed_carry_4339                         864   1377.302     0.000     1377.302 5K_hvratio_1_1 (D)  
    mul_20_32                                           mult_unsigned_3                              2352   3748.526     0.000     3748.526 5K_hvratio_1_1 (D)  
    mul_23_32                                           mult_unsigned_3                              2352   3748.526     0.000     3748.526 5K_hvratio_1_1 (D)  
  u_regread                                             register_read                               33279  61824.777     0.000    61824.777 5K_hvratio_1_1 (D)  
  u_regread_demux                                       regread_demux                                  15     23.912     0.000       23.912 5K_hvratio_1_1 (D)  
  u_rename                                              rename_unit                                 11612  22459.275     0.000    22459.275 5K_hvratio_1_1 (D)  
  u_rob                                                 reorder_buffer                              11549  25724.789     0.000    25724.789 5K_hvratio_1_1 (D)  
  u_sb                                                  store_buffer_DEPTH8_SLACK2                   5360  10758.581     0.000    10758.581 5K_hvratio_1_1 (D)  
  (D) = wireload is default in technology library
