============================================================
  Generated by:           Genus(TM) Synthesis Solution 20.11-s111_1
  Generated on:           Sep 29 2026  10:42:56 am
  Module:                 orion_core
  Operating conditions:   slow (balanced_tree)
  Wireload mode:          enclosed
  Area mode:              timing library
============================================================

     Instance               Module            Cell Count  Cell Area  Net Area   Total Area       Wireload      
---------------------------------------------------------------------------------------------------------------
orion_core                                         55145 111973.764     0.000   111973.764 5K_hvratio_1_1 (D)  
  u_alu           alu                               1888   2869.874     0.000     2869.874 5K_hvratio_1_1 (D)  
  u_branch        branch                            1578   2945.418     0.000     2945.418 5K_hvratio_1_1 (D)  
  u_decode        decode_unit                        528   1050.168     0.000     1050.168 5K_hvratio_1_1 (D)  
  u_div           div                               1482   2288.398     0.000     2288.398 5K_hvratio_1_1 (D)  
  u_fetch         fetch_unit_IMEM_DEPTH256          3405  10093.370     0.000    10093.370 5K_hvratio_1_1 (D)  
  u_issue         issue_queue                       7856  21428.694     0.000    21428.694 5K_hvratio_1_1 (D)  
  u_lsu           lsu                               1358   2121.616     0.000     2121.616 5K_hvratio_1_1 (D)  
  u_mul           mul                               6661   8342.558     0.000     8342.558 5K_hvratio_1_1 (D)  
  u_regread       register_read                    13989  27043.688     0.000    27043.688 5K_hvratio_1_1 (D)  
  u_regread_demux regread_demux                       12     10.640     0.000       10.640 5K_hvratio_1_1 (D)  
  u_rename        rename_unit                       6403  11873.708     0.000    11873.708 5K_hvratio_1_1 (D)  
  u_rob           reorder_buffer                    6656  15574.300     0.000    15574.300 5K_hvratio_1_1 (D)  
  u_sb            store_buffer_DEPTH8_SLACK2        2986   6058.948     0.000     6058.948 5K_hvratio_1_1 (D)  
  (D) = wireload is default in technology library
