============================================================
  Generated by:           Genus(TM) Synthesis Solution 20.11-s111_1
  Generated on:           Sep 29 2026  10:42:56 am
  Module:                 orion_core
  Operating conditions:   slow (balanced_tree)
  Wireload mode:          enclosed
  Area mode:              timing library
============================================================


Path 1: VIOLATED (-30 ps) Setup Check with Pin u_mul/ms1_p12_reg[25]/CK->D
          Group: core_clk
     Startpoint: (R) u_regread/execute_out_reg[src2_data][29]/CK
          Clock: (R) core_clk
       Endpoint: (F) u_mul/ms1_p12_reg[25]/D
          Clock: (R) core_clk

                     Capture       Launch     
        Clock Edge:+    4250            0     
       Src Latency:+       0            0     
       Net Latency:+       0 (I)        0 (I) 
           Arrival:=    4250            0     
                                              
             Setup:-     111                  
       Uncertainty:-     150                  
     Required Time:=    3989                  
      Launch Clock:-       0                  
         Data Path:-    4019                  
             Slack:=     -30                  

#---------------------------------------------------------------------------------------------------------------------
#                Timing Point                 Flags    Arc   Edge   Cell     Fanout Load Trans Delay Arrival Instance 
#                                                                                   (fF)  (ps)  (ps)   (ps)  Location 
#---------------------------------------------------------------------------------------------------------------------
  u_regread/execute_out_reg[src2_data][29]/CK -       -      R     (arrival)  10496    -   100     0       0    (-,-) 
  u_regread/execute_out_reg[src2_data][29]/Q  -       CK->Q  R     DFFR_X1        1  3.6    45   407     407    (-,-) 
  fopt1006/Z                                  -       A->Z   R     BUF_X4         9 19.0    48   120     526    (-,-) 
  u_mul/fopt73/ZN                             -       A->ZN  F     INV_X1         1  1.7    14    48     575    (-,-) 
  u_mul/csa_tree_add_31_32_groupi_g28365/ZN   -       A2->ZN R     NAND2_X1       1  3.3    45    76     650    (-,-) 
  u_mul/csa_tree_add_31_32_groupi_g28097/ZN   -       A1->ZN F     NAND2_X2       5 10.9    32    83     733    (-,-) 
  u_mul/fopt30157/ZN                          -       A->ZN  R     INV_X2         1  6.2    35    89     822    (-,-) 
  u_mul/csa_tree_add_31_32_groupi_g27866/ZN   -       A1->ZN F     NAND2_X4       8 15.5    27    87     909    (-,-) 
  u_mul/csa_tree_add_31_32_groupi_g27338/ZN   -       A1->ZN R     OAI22_X1       2  4.5   158   179    1088    (-,-) 
  u_mul/csa_tree_add_31_32_groupi_g27103/ZN   -       A->ZN  R     XNOR2_X1       1  2.5    86   187    1275    (-,-) 
  u_mul/csa_tree_add_31_32_groupi_g26939/ZN   -       A->ZN  R     XNOR2_X1       1  3.0    94   165    1440    (-,-) 
  u_mul/csa_tree_add_31_32_groupi_g26495/S    -       CI->S  F     FA_X1          1  3.7    60   363    1803    (-,-) 
  u_mul/csa_tree_add_31_32_groupi_g26366/S    -       B->S   F     FA_X1          1  3.8    60   436    2239    (-,-) 
  u_mul/csa_tree_add_31_32_groupi_g26216/S    -       A->S   F     FA_X1          2  4.3    62   452    2691    (-,-) 
  u_mul/csa_tree_add_31_32_groupi_g26197/ZN   -       A->ZN  F     XNOR2_X1       2  3.6    39   171    2862    (-,-) 
  u_mul/csa_tree_add_31_32_groupi_g26161/ZN   -       A1->ZN R     NOR2_X1        3  7.6   163   223    3085    (-,-) 
  u_mul/csa_tree_add_31_32_groupi_g26138/ZN   -       B2->ZN F     OAI21_X2       2  5.1    51   119    3204    (-,-) 
  u_mul/csa_tree_add_31_32_groupi_g26119/ZN   -       B2->ZN R     AOI21_X2       1  1.9    68   139    3343    (-,-) 
  u_mul/csa_tree_add_31_32_groupi_g26103/ZN   -       B1->ZN F     OAI21_X1       2  3.7    48    76    3419    (-,-) 
  u_mul/csa_tree_add_31_32_groupi_g26091/ZN   -       A1->ZN R     NAND2_X1       2  7.3    78   125    3544    (-,-) 
  u_mul/csa_tree_add_31_32_groupi_g26083_0/ZN -       A2->ZN F     NAND4_X2       3  5.4    55   135    3679    (-,-) 
  u_mul/csa_tree_add_31_32_groupi_g26082/ZN   -       A->ZN  R     INV_X1         3  6.5    62   118    3797    (-,-) 
  u_mul/csa_tree_add_31_32_groupi_g26064/ZN   -       B1->ZN F     OAI21_X1       1  2.4    44    70    3866    (-,-) 
  u_mul/csa_tree_add_31_32_groupi_g26056/ZN   -       A->ZN  F     XNOR2_X1       1  1.3    28   144    4010    (-,-) 
  u_mul/ms1_p12_reg[25]/D                     <<<     -      F     DFFR_X1        1    -     -     9    4019    (-,-) 
#---------------------------------------------------------------------------------------------------------------------

