============================================================
  Generated by:           Genus(TM) Synthesis Solution 20.11-s111_1
  Generated on:           Sep 29 2026  10:48:04 am
  Module:                 orion_core
  Operating conditions:   slow (balanced_tree)
  Wireload mode:          enclosed
  Area mode:              timing library
============================================================

Timing
--------

  Clock  Period 
----------------
core_clk 4250.0 


  Cost     Critical         Violating 
  Group   Path Slack  TNS     Paths   
--------------------------------------
core_clk         0.0   0.0          0 
default     No paths   0.0            
--------------------------------------
Total                  0.0          0 

Instance Count
--------------
Leaf Instance Count             52448 
Physical Instance count             0 
Sequential Instance Count       10496 
Combinational Instance Count    41952 
Hierarchical Instance Count        13 

Area
----
Cell Area                          110460.224
Physical Cell Area                 0.000
Total Cell Area (Cell+Physical)    110460.224
Net Area                           0.000
Total Area (Cell+Physical+Net)     110460.224

Max Fanout                         10496 (clk)
Min Fanout                         0 (alu_wb[except_cause][0])
Average Fanout                     2.8
Terms to net ratio                 4.0998
Terms to instance ratio            4.3804
Runtime                            2426.4974020000004 seconds
Elapsed Runtime                    2536 seconds
Genus peak memory usage            1830.57 
Innovus peak memory usage          no_value 
Hostname                           localhost
