============================================================
  Generated by:           Genus(TM) Synthesis Solution 20.11-s111_1
  Generated on:           Sep 29 2026  10:47:50 am
  Module:                 orion_core
  Operating conditions:   slow (balanced_tree)
  Wireload mode:          enclosed
  Area mode:              timing library
============================================================


Path 1: MET (0 ps) Setup Check with Pin u_mul/ms1_p12_reg[27]/CK->D
          Group: core_clk
     Startpoint: (R) u_regread/execute_out_reg[src2_data][27]/CK
          Clock: (R) core_clk
       Endpoint: (R) u_mul/ms1_p12_reg[27]/D
          Clock: (R) core_clk

                     Capture       Launch     
        Clock Edge:+    4250            0     
       Src Latency:+       0            0     
       Net Latency:+       0 (I)        0 (I) 
           Arrival:=    4250            0     
                                              
             Setup:-      72                  
       Uncertainty:-     150                  
     Required Time:=    4028                  
      Launch Clock:-       0                  
         Data Path:-    4028                  
             Slack:=       0                  

#-------------------------------------------------------------------------------------------------------------------------
#                  Timing Point                   Flags    Arc   Edge   Cell     Fanout Load Trans Delay Arrival Instance 
#                                                                                       (fF)  (ps)  (ps)   (ps)  Location 
#-------------------------------------------------------------------------------------------------------------------------
  u_regread/execute_out_reg[src2_data][27]/CK     -       -      R     (arrival)  10496    -   100     0       0    (-,-) 
  u_regread/execute_out_reg[src2_data][27]/Q      -       CK->Q  R     DFFR_X1        4  7.8    76   437     437    (-,-) 
  u_mul/fopt30544/ZN                              -       A->ZN  F     INV_X1         2  3.6    23    61     498    (-,-) 
  u_mul/fopt30543/ZN                              -       A->ZN  R     INV_X1         2  3.9    40    75     573    (-,-) 
  u_mul/fopt30542/ZN                              -       A->ZN  F     INV_X1         3  7.4    21    60     633    (-,-) 
  u_mul/fopt30539/ZN                              -       A->ZN  R     INV_X2         3  6.4    35    80     714    (-,-) 
  u_mul/csa_tree_add_31_32_groupi_g28257/ZN       -       A->ZN  R     XNOR2_X1       2  3.8   108   155     868    (-,-) 
  u_mul/csa_tree_add_31_32_groupi_g27507/ZN       -       B1->ZN F     OAI22_X1       1  3.7    44   107     975    (-,-) 
  u_mul/csa_tree_add_31_32_groupi_g26754/CO       -       B->CO  F     FA_X1          3  6.3    62   358    1333    (-,-) 
  u_mul/csa_tree_add_31_32_groupi_g26690/ZN       -       B->ZN  F     XNOR2_X1       1  2.4    31   174    1508    (-,-) 
  u_mul/csa_tree_add_31_32_groupi_g31014/Z        -       A->Z   F     XOR2_X1        1  3.8    38   210    1717    (-,-) 
  u_mul/csa_tree_add_31_32_groupi_g31013/S        -       A->S   F     FA_X1          3  4.8    63   446    2163    (-,-) 
  u_mul/csa_tree_add_31_32_groupi_g31017/ZN       -       B1->ZN R     OAI21_X1       1  1.9    75   137    2300    (-,-) 
  u_mul/csa_tree_add_31_32_groupi_g26324/ZN       -       A1->ZN F     NAND2_X1       2  4.4    35    80    2380    (-,-) 
  u_mul/csa_tree_add_31_32_groupi_g26265/ZN       -       B->ZN  F     XNOR2_X1       1  2.9    30   159    2540    (-,-) 
  u_mul/csa_tree_add_31_32_groupi_g26172/S        -       CI->S  R     FA_X1          2  3.9    50   437    2976    (-,-) 
  u_mul/csa_tree_add_31_32_groupi_g26134/ZN       -       A1->ZN F     NOR2_X1        2  3.6    19    53    3029    (-,-) 
  u_mul/csa_tree_add_31_32_groupi_g26133/ZN       -       A->ZN  R     INV_X1         2  3.2    35    67    3096    (-,-) 
  u_mul/csa_tree_add_31_32_groupi_g26125/ZN       -       A1->ZN R     AND2_X1        2  3.9    43   122    3218    (-,-) 
  u_mul/csa_tree_add_31_32_groupi_g26114/ZN       -       A1->ZN F     NAND2_X1       2  3.5    24    66    3284    (-,-) 
  u_mul/csa_tree_add_31_32_groupi_g26106/ZN       -       A1->ZN R     NOR2_X1        2  3.9    98   144    3428    (-,-) 
  u_mul/csa_tree_add_31_32_groupi_g30966/ZN       -       A2->ZN F     NAND3_X1       2  6.3    61   135    3563    (-,-) 
  u_mul/csa_tree_add_31_32_groupi_g26083_30978/ZN -       A1->ZN R     NAND4_X2       3  5.9    62   116    3680    (-,-) 
  u_mul/csa_tree_add_31_32_groupi_g30980/ZN       -       A->ZN  F     INV_X1         3  4.6    21    60    3739    (-,-) 
  u_mul/csa_tree_add_31_32_groupi_g30979/ZN       -       B1->ZN R     OAI21_X1       1  2.5    84   129    3869    (-,-) 
  u_mul/csa_tree_add_31_32_groupi_g26054/ZN       -       A->ZN  R     XNOR2_X1       1  1.4    66   151    4019    (-,-) 
  u_mul/ms1_p12_reg[27]/D                         <<<     -      R     DFFR_X1        1    -     -     9    4028    (-,-) 
#-------------------------------------------------------------------------------------------------------------------------

